=== Composite REINFORCE run_id=20260106_020211 ===
Log file: experiments_swiglu_ae/main_run_097/reinforce_20260106_020211.log
Injecting LoRA (rank=8) into encoder + decoder modules...
  LoRA injected: encoder.amplitude_proj.base [768x128] rank=8
  LoRA injected: encoder.wavelet_proj.base [768x128] rank=8
  LoRA injected: encoder.transformer.layers.0.attn.q_proj.base [256x256] rank=8
  LoRA injected: encoder.transformer.layers.0.attn.k_proj.base [256x64] rank=8
  LoRA injected: encoder.transformer.layers.0.attn.v_proj.base [256x64] rank=8
  LoRA injected: encoder.transformer.layers.0.attn.out_proj.base [256x256] rank=8
  LoRA injected: encoder.transformer.layers.0.gate_proj.base [256x256] rank=8
  LoRA injected: encoder.transformer.layers.0.mlp.router.base [256x16] rank=8
  LoRA injected: encoder.transformer.layers.1.attn.q_proj.base [256x256] rank=8
  LoRA injected: encoder.transformer.layers.1.attn.k_proj.base [256x64] rank=8
  LoRA injected: encoder.transformer.layers.1.attn.v_proj.base [256x64] rank=8
  LoRA injected: encoder.transformer.layers.1.attn.out_proj.base [256x256] rank=8
  LoRA injected: encoder.transformer.layers.1.gate_proj.base [256x256] rank=8
  LoRA injected: encoder.transformer.layers.1.mlp.router.base [256x16] rank=8
  LoRA injected: encoder.transformer.layers.2.attn.q_proj.base [256x256] rank=8
  LoRA injected: encoder.transformer.layers.2.attn.k_proj.base [256x64] rank=8
  LoRA injected: encoder.transformer.layers.2.attn.v_proj.base [256x64] rank=8
  LoRA injected: encoder.transformer.layers.2.attn.out_proj.base [256x256] rank=8
  LoRA injected: encoder.transformer.layers.2.gate_proj.base [256x256] rank=8
  LoRA injected: encoder.transformer.layers.2.mlp.router.base [256x16] rank=8
  LoRA injected: encoder.transformer.layers.3.attn.q_proj.base [256x256] rank=8
  LoRA injected: encoder.transformer.layers.3.attn.k_proj.base [256x64] rank=8
  LoRA injected: encoder.transformer.layers.3.attn.v_proj.base [256x64] rank=8
  LoRA injected: encoder.transformer.layers.3.attn.out_proj.base [256x256] rank=8
  LoRA injected: encoder.transformer.layers.3.gate_proj.base [256x256] rank=8
  LoRA injected: encoder.transformer.layers.3.mlp.router.base [256x16] rank=8
  LoRA injected: encoder.wav_code_proj.base [256x64] rank=8
  LoRA injected: encoder.amp_code_proj.base [256x64] rank=8
  LoRA injected: decoder.wav_embed.base [64x128] rank=8
  LoRA injected: decoder.amp_embed.base [64x128] rank=8
  LoRA injected: decoder.transformer.layers.0.attn.q_proj.base [256x256] rank=8
  LoRA injected: decoder.transformer.layers.0.attn.k_proj.base [256x64] rank=8
  LoRA injected: decoder.transformer.layers.0.attn.v_proj.base [256x64] rank=8
  LoRA injected: decoder.transformer.layers.0.attn.out_proj.base [256x256] rank=8
  LoRA injected: decoder.transformer.layers.0.gate_proj.base [256x256] rank=8
  LoRA injected: decoder.transformer.layers.0.mlp.router.base [256x16] rank=8
  LoRA injected: decoder.transformer.layers.1.attn.q_proj.base [256x256] rank=8
  LoRA injected: decoder.transformer.layers.1.attn.k_proj.base [256x64] rank=8
  LoRA injected: decoder.transformer.layers.1.attn.v_proj.base [256x64] rank=8
  LoRA injected: decoder.transformer.layers.1.attn.out_proj.base [256x256] rank=8
  LoRA injected: decoder.transformer.layers.1.gate_proj.base [256x256] rank=8
  LoRA injected: decoder.transformer.layers.1.mlp.router.base [256x16] rank=8
  LoRA injected: decoder.transformer.layers.2.attn.q_proj.base [256x256] rank=8
  LoRA injected: decoder.transformer.layers.2.attn.k_proj.base [256x64] rank=8
  LoRA injected: decoder.transformer.layers.2.attn.v_proj.base [256x64] rank=8
  LoRA injected: decoder.transformer.layers.2.attn.out_proj.base [256x256] rank=8
  LoRA injected: decoder.transformer.layers.2.gate_proj.base [256x256] rank=8
  LoRA injected: decoder.transformer.layers.2.mlp.router.base [256x16] rank=8
  LoRA injected: decoder.transformer.layers.3.attn.q_proj.base [256x256] rank=8
  LoRA injected: decoder.transformer.layers.3.attn.k_proj.base [256x64] rank=8
  LoRA injected: decoder.transformer.layers.3.attn.v_proj.base [256x64] rank=8
  LoRA injected: decoder.transformer.layers.3.attn.out_proj.base [256x256] rank=8
  LoRA injected: decoder.transformer.layers.3.gate_proj.base [256x256] rank=8
  LoRA injected: decoder.transformer.layers.3.mlp.router.base [256x16] rank=8
Total LoRA modules: 54, params: 179200
Using default mixed iterator
Generated batch of 8 images at 64px
Baseline reconstruction MSE: 0.071977 (trust region anchor)
Sanity check: LoRA initialized with B=0 (output matches base until first update)
Subspace dims: wavelet=64, amplitude=64
Reward groups: JS divergence, Joint MSE, Wavelet-only MSE, Amplitude-only MSE
Trust region weight: 2.0
Step   0: JS=0.2632 joint=0.06972 wav=0.08523 amp=0.10188 | adv: js=+0.000 j=+0.0000 w=+0.0000 a=+0.0000
  [Step 0] vs baseline: JS=0.2632 (base=0.2612, Δ=+0.0020) | MSE=0.06972 (base=0.06952, Δ=+0.00020)
[eval-server] POST /eval HTTP/1.1
Step  30: JS=0.1662 joint=0.07440 wav=0.08053 amp=0.07045 | adv: js=+0.017 j=-0.0016 w=+0.0026 a=+0.0054
[eval-server] POST /eval HTTP/1.1
[eval-server] POST /eval HTTP/1.1
  [Step 50] vs baseline: JS=0.1639 (base=0.2689, Δ=-0.1050) | MSE=0.07265 (base=0.06985, Δ=+0.00280)
[eval-server] POST /eval HTTP/1.1
[eval-server] POST /eval HTTP/1.1
Step  60: JS=0.1638 joint=0.06986 wav=0.07348 amp=0.06879 | adv: js=+0.002 j=+0.0010 w=+0.0003 a=-0.0000
Step  90: JS=0.1488 joint=0.07108 wav=0.06953 amp=0.06485 | adv: js=+0.004 j=-0.0003 w=+0.0016 a=+0.0016
  [Step 100] vs baseline: JS=0.1523 (base=0.2660, Δ=-0.1137) | MSE=0.06962 (base=0.07185, Δ=-0.00223)
Step 120: JS=0.1455 joint=0.06919 wav=0.07151 amp=0.06568 | adv: js=+0.001 j=+0.0002 w=-0.0008 a=-0.0010

=== Final Results ===
JS Divergence: start=0.2632 end=0.1432 base=0.2676 Δ=-0.1244
MSE Joint:     start=0.06972 end=0.06638 base=0.07242 Δ=-0.00604
MSE Wavelet:   start=0.08523 end=0.06990 base=0.08757 Δ=-0.01767
MSE Amplitude: start=0.10188 end=0.06361 base=0.10233 Δ=-0.03871
History saved to: experiments_swiglu_ae/main_run_097/composite_20260106_020211_history.json

=== Run complete. Log saved to: experiments_swiglu_ae/main_run_097/reinforce_20260106_020211.log ===
